org\example\stepDefinitions\D01_registerStepDef.class
org\example\pages\P07_selectTags.class
org\example\pages\P14_FollowUs.class
org\example\stepDefinitions\D02_loginStepDef.class
org\example\pages\P10_CompareList.class
org\example\pages\P12_SuccessfulOrder.class
org\example\pages\P13_HomeSliders.class
org\example\stepDefinitions\D05_hoverCategoriesStepDef.class
org\example\stepDefinitions\D03_searchStepDef.class
org\example\stepDefinitions\D12_SuccessfulOrderStepDef.class
org\example\stepDefinitions\D10_CompareListStepDef.class
org\example\pages\P03_Search.class
org\example\pages\P04_currencies.class
org\example\stepDefinitions\D07_selectTagsStepDef.class
org\example\stepDefinitions\D04_currenciesStepDef.class
org\example\pages\P05_hoverCategories.class
org\example\pages\P02_login.class
org\example\stepDefinitions\D06_ColorFilterStepDef.class
org\example\stepDefinitions\Hooks.class
org\example\pages\P01_register.class
org\example\pages\P06_ColorFilter.class
org\example\stepDefinitions\D08_ShoppingCartStepDef.class
org\example\stepDefinitions\D13_HomeSlidersStepDef.class
org\example\testRunner\runners.class
org\example\stepDefinitions\D14_FollowUsStepDef.class
org\example\pages\P09_WishList.class
org\example\stepDefinitions\D09_WishListStepDef.class
org\example\pages\P08_ShoppingCart.class
