D:\Front End Testing\Java\Projects\demonopcommerceB\src\test\java\org\example\stepDefinitions\D13_HomeSlidersStepDef.java
D:\Front End Testing\Java\Projects\demonopcommerceB\src\test\java\org\example\stepDefinitions\D08_ShoppingCartStepDef.java
D:\Front End Testing\Java\Projects\demonopcommerceB\src\test\java\org\example\pages\P01_register.java
D:\Front End Testing\Java\Projects\demonopcommerceB\src\test\java\org\example\pages\P13_HomeSliders.java
D:\Front End Testing\Java\Projects\demonopcommerceB\src\test\java\org\example\stepDefinitions\D03_searchStepDef.java
D:\Front End Testing\Java\Projects\demonopcommerceB\src\test\java\org\example\pages\P07_selectTags.java
D:\Front End Testing\Java\Projects\demonopcommerceB\src\test\java\org\example\stepDefinitions\D06_ColorFilterStepDef.java
D:\Front End Testing\Java\Projects\demonopcommerceB\src\test\java\org\example\pages\P05_hoverCategories.java
D:\Front End Testing\Java\Projects\demonopcommerceB\src\test\java\org\example\pages\P09_WishList.java
D:\Front End Testing\Java\Projects\demonopcommerceB\src\test\java\org\example\pages\P03_Search.java
D:\Front End Testing\Java\Projects\demonopcommerceB\src\test\java\org\example\stepDefinitions\D05_hoverCategoriesStepDef.java
D:\Front End Testing\Java\Projects\demonopcommerceB\src\test\java\org\example\stepDefinitions\D14_FollowUsStepDef.java
D:\Front End Testing\Java\Projects\demonopcommerceB\src\test\java\org\example\testRunner\runners.java
D:\Front End Testing\Java\Projects\demonopcommerceB\src\test\java\org\example\pages\P10_CompareList.java
D:\Front End Testing\Java\Projects\demonopcommerceB\src\test\java\org\example\pages\P04_currencies.java
D:\Front End Testing\Java\Projects\demonopcommerceB\src\test\java\org\example\stepDefinitions\D04_currenciesStepDef.java
D:\Front End Testing\Java\Projects\demonopcommerceB\src\test\java\org\example\stepDefinitions\D07_selectTagsStepDef.java
D:\Front End Testing\Java\Projects\demonopcommerceB\src\test\java\org\example\stepDefinitions\D12_SuccessfulOrderStepDef.java
D:\Front End Testing\Java\Projects\demonopcommerceB\src\test\java\org\example\stepDefinitions\D02_loginStepDef.java
D:\Front End Testing\Java\Projects\demonopcommerceB\src\test\java\org\example\pages\P12_SuccessfulOrder.java
D:\Front End Testing\Java\Projects\demonopcommerceB\src\test\java\org\example\pages\P02_login.java
D:\Front End Testing\Java\Projects\demonopcommerceB\src\test\java\org\example\pages\P08_ShoppingCart.java
D:\Front End Testing\Java\Projects\demonopcommerceB\src\test\java\org\example\pages\P14_FollowUs.java
D:\Front End Testing\Java\Projects\demonopcommerceB\src\test\java\org\example\stepDefinitions\D01_registerStepDef.java
D:\Front End Testing\Java\Projects\demonopcommerceB\src\test\java\org\example\stepDefinitions\D09_WishListStepDef.java
D:\Front End Testing\Java\Projects\demonopcommerceB\src\test\java\org\example\stepDefinitions\D10_CompareListStepDef.java
D:\Front End Testing\Java\Projects\demonopcommerceB\src\test\java\org\example\stepDefinitions\Hooks.java
D:\Front End Testing\Java\Projects\demonopcommerceB\src\test\java\org\example\pages\P06_ColorFilter.java
